
22. Printing statistics.

=== divider ===

   Number of wires:                249
   Number of wire bits:            270
   Number of public wires:           4
   Number of public wire bits:      25
   Number of memories:               0
   Number of memory bits:            0
   Number of processes:              0
   Number of cells:                253
     sky130_fd_sc_hd__a211o_4        3
     sky130_fd_sc_hd__a21bo_4        3
     sky130_fd_sc_hd__a21o_4         6
     sky130_fd_sc_hd__a21oi_4        4
     sky130_fd_sc_hd__a2bb2o_4      18
     sky130_fd_sc_hd__a32o_4         4
     sky130_fd_sc_hd__and2_4        25
     sky130_fd_sc_hd__and3_4         1
     sky130_fd_sc_hd__buf_2         20
     sky130_fd_sc_hd__buf_8          3
     sky130_fd_sc_hd__dfxtp_4        8
     sky130_fd_sc_hd__inv_2         43
     sky130_fd_sc_hd__inv_4          2
     sky130_fd_sc_hd__nand2_4        6
     sky130_fd_sc_hd__nor2_4        12
     sky130_fd_sc_hd__o21a_4        24
     sky130_fd_sc_hd__o21ai_4        2
     sky130_fd_sc_hd__o22a_4        22
     sky130_fd_sc_hd__o32a_4         1
     sky130_fd_sc_hd__or2_4         34
     sky130_fd_sc_hd__or3_4          6
     sky130_fd_sc_hd__or4_4          6

   Chip area for module '\divider': 2877.760000

